e6304000 T __image_copy_start
e6304000 T _start
e6304020 t _undefined_instruction
e6304024 t _software_interrupt
e6304028 t _prefetch_abort
e630402c t _data_abort
e6304030 t _not_used
e6304034 t _irq
e6304038 t _fiq
e630403c t _pad
e6304040 T _TEXT_BASE
e6304040 T _end_vect
e6304044 T _bss_start_ofs
e6304048 T _image_copy_end_ofs
e630404c T _bss_end_ofs
e6304050 T _end_ofs
e6304054 T IRQ_STACK_START_IN
e6304058 t reset
e630408c T relocate_code
e63040b4 t copy_loop
e63040e4 t fixloop
e6304108 t fixabs
e630411c t fixrel
e6304124 t fixnext
e6304134 t relocate_done
e6304138 t _rel_dyn_start_ofs
e630413c t _rel_dyn_end_ofs
e6304140 t _dynsym_start_ofs
e6304144 T c_runtime_cpu_setup
e6304160 W save_boot_params
e6304164 T cpu_init_cp15
e630419c T cpu_init_crit
e63041a0 t undefined_instruction
e6304200 t software_interrupt
e6304260 t prefetch_abort
e63042c0 t data_abort
e6304320 t not_used
e6304380 t irq
e63043e0 t fiq
e6304440 t v7_maint_dcache_all
e63044f8 T invalidate_icache_all
e630450c T __v7_outer_cache_enable
e630450c W v7_outer_cache_enable
e630450e T __v7_outer_cache_disable
e630450e W v7_outer_cache_disable
e6304510 T __v7_outer_cache_flush_all
e6304510 W v7_outer_cache_flush_all
e6304512 T flush_dcache_all
e6304522 T __v7_outer_cache_inval_all
e6304522 W v7_outer_cache_inval_all
e6304524 T invalidate_dcache_all
e6304534 T arm_init_before_mmu
e6304556 T __v7_outer_cache_flush_range
e6304556 W v7_outer_cache_flush_range
e6304558 T flush_dcache_range
e6304580 T mmu_page_table_flush
e630459e T flush_cache
e63045a4 T __v7_outer_cache_inval_range
e63045a4 W v7_outer_cache_inval_range
e63045a6 T invalidate_dcache_range
e6304620 W cpu_cache_initialization
e6304622 T cleanup_before_linux
e6304644 T sdelay
e630464a T sr32
e6304664 T wait_on_value
e6304680 T arch_cpu_init
e630468a T enable_caches
e630468e t __rmobile_get_cpu_type
e6304692 t __rmobile_get_cpu_rev_integer
e6304696 t __rmobile_get_cpu_rev_fraction
e630469a T print_cpuinfo
e630475c T cpu_eth_init
e6304760 T checkboard
e6304778 T rmobile_get_cpu_type
e6304788 T rmobile_get_cpu_rev_integer
e6304798 T rmobile_get_cpu_rev_fraction
e63047a8 T r8a7794_pinmux_init
e63047b4 t tmu_timer_stop.part.2.constprop.4
e63047c8 t tmu_timer_start.part.1.constprop.5
e63047dc t generic_ffs.part.0.constprop.6
e63047e0 T get_tbclk
e6304810 T sh_timer_init
e630484c T timer_init
e630485a T get_ticks
e630489c T __udelay
e6304900 T get_timer
e630493e T set_timer
e630494c T reset_timer
e6304980 T _main
e63049c8 t here
e63049d8 t clbss_l
e6304a20 T memset
e6304b00 T memcpy
e6304ea4 t mark_bootstage
e6304ea8 t display_banner
e6304ec0 t init_baudrate
e6304edc T __arch_cpu_init
e6304ee0 T __coloured_LED_init
e6304ee0 W coloured_LED_init
e6304ee2 T __red_led_on
e6304ee2 W red_led_on
e6304ee4 T __red_led_off
e6304ee4 W red_led_off
e6304ee6 T __green_led_on
e6304ee6 W green_led_on
e6304ee8 T __green_led_off
e6304ee8 W green_led_off
e6304eea T __yellow_led_on
e6304eea W yellow_led_on
e6304eec T __yellow_led_off
e6304eec W yellow_led_off
e6304eee T __blue_led_on
e6304eee W blue_led_on
e6304ef0 T __blue_led_off
e6304ef0 W blue_led_off
e6304ef2 T __dram_init_banksize
e6304f08 T __power_init_board
e6304f08 W power_init_board
e6304f0c T board_init_r
e6304fa4 T hang
e6304fb4 T board_init_f
e6305090 t boot_jump_linux
e63050ec T arch_lmb_reserve
e6305106 W setup_board_tags
e6305108 t boot_prep_linux
e630523c T do_bootm_linux
e6305278 T bootz_setup
e63052a0 T interrupt_init
e63052b4 T enable_interrupts
e63052b6 T disable_interrupts
e63052ba T bad_mode
e63052c8 T show_regs
e63053a4 T do_undefined_instruction
e63053bc T do_software_interrupt
e63053d4 T do_prefetch_abort
e63053ec T do_data_abort
e6305404 T do_not_used
e630541c T do_fiq
e6305434 T do_irq
e630544c T do_reset
e6305470 T __flush_cache
e6305472 T __flush_dcache_all
e630547c T __enable_caches
e6305488 t cp_delay
e63054a0 T __arm_init_before_mmu
e63054a2 T set_section_dcache
e63054b4 T __mmu_page_table_flush
e63054b6 T mmu_set_region_dcache_behaviour
e63054ec T icache_enable
e6305500 T icache_disable
e6305518 T icache_status
e6305522 T dcache_enable
e63055ba T dcache_disable
e63055da T dcache_status
e63055e4 W do_go_exec
e63055ec t do_go
e6305638 t boot_start_lmb
e6305668 t do_bootm_rtems
e6305690 t do_bootm_netbsd
e630575c t bootm_load_os.isra.3
e6305850 t bootm_start
e6305ad4 t __arch_preboot_os
e6305ad6 T do_bootm
e6305e10 T bootm_maybe_autostart
e6305e5c t __bootz_setup
e6305e70 t do_bootz
e6305f3c t parse_argv
e6305f84 T do_icache
e6305fec T do_dcache
e6306048 T common_diskboot
e63061d0 T do_ext4_load
e63061de T do_ext4_ls
e63061ec T do_ext4_write
e6306288 T do_fat_fsload
e6306296 t do_fat_ls
e63062a4 t do_fat_fsinfo
e63062fc t do_fat_fswrite
e63063a0 t is_printable_string
e63063e8 t fdt_valid
e6306470 t print_data
e6306574 T set_working_fdt_addr
e63065a0 t do_fdt
e6306ee0 t do_help
e6306f0c t load_serial
e6307050 t do_load_serial
e63070e0 t extract_range
e630712c t do_mdio
e630737c t do_mem_mw
e63073fc t do_mem_loop
e630747e t do_mem_md
e6307510 t do_mem_cmp
e63075f0 t do_mem_base
e6307618 t do_mem_cp
e630769c t do_mem_crc
e630770c t do_mem_mtest
e630781c t mod_mem.isra.0
e63078f4 t do_mem_mm
e63078f8 t do_mem_nm
e63078fc t extract_range
e630792c t do_mii
e6307e30 t do_mmcops
e63080f4 t do_mmcinfo
e6308218 t netboot_common
e63083c4 t do_bootp
e63083ca T do_tftpb
e63083d0 t do_dhcp
e63083d6 t do_nfs
e63083dc t do_ping
e6308424 t do_env_delete
e6308484 t do_env_save
e63084a4 t do_env
e63084e0 t env_print
e6308548 t do_env_print
e63085bc t do_env_import
e6308720 t do_env_default
e6308774 t _do_env_set.isra.0
e630889c t do_env_set
e63088ac T get_env_id
e63088b8 T setenv
e63088e4 t do_env_export
e6308a48 T setenv_ulong
e6308a5e T setenv_addr
e6308a80 T envmatch
e6308abc T getenv_f
e6308b40 T getenv
e6308b90 T getenv_ulong
e6308bac t do_env_edit
e6308bf4 t bytes_per_second
e6308c28 t do_spi_flash
e6309030 T do_spi
e630919c t usb_get_class_desc
e6309210 t usb_display_class_sub
e6309304 t usb_show_tree_graph
e6309488 t usb_display_string
e63094b4 t usb_display_config
e630965c t do_usbboot
e6309668 t usb_display_desc.part.0
e6309738 t do_usb
e6309ad8 t do_version
e6309b04 T find_cmd_tbl
e6309b68 T find_cmd
e6309b84 T cmd_usage
e6309bc0 T _do_help
e6309cbc T cmd_get_data_size
e6309cf4 T cmd_process
e6309d48 t console_setfile
e6309da8 T serial_printf
e6309dd0 T fgetc
e6309de8 T ftstc
e6309e00 T fputc
e6309e18 T fputs
e6309e30 T fprintf
e6309e5c T getc
e6309e76 T tstc
e6309e90 T putc
e6309eb0 T puts
e6309ed0 T printf
e6309efc T vprintf
e6309f1e T ctrlc
e6309f50 T disable_ctrlc
e6309f60 T had_ctrlc
e6309f6c T clear_ctrlc
e6309f78 T dbg
e6309f7e T search_device
e6309f94 T console_assign
e6309fbc t on_console
e630a02c T console_init_f
e630a036 T stdio_print_current_devices
e630a0b0 T console_init_r
e630a13c T sbrk
e630a174 T mem_malloc_init
e630a190 T malloc_trim
e630a20c T free
e630a368 T malloc
e630a778 T calloc
e630a800 T realloc
e630ab30 T memalign
e630abee T valloc
e630abf8 T pvalloc
e630ac0c T cfree
e630ac10 T malloc_usable_size
e630ac3a T mallopt
e630ac6c T env_attr_walk
e630ad26 T env_attr_lookup
e630ae14 t clear_callback
e630ae1c t on_callbacks
e630ae50 T find_env_callback
e630ae8c t set_callback
e630aedc T env_callback_init
e630af38 W env_get_char_spec
e630af38 t __env_get_char_spec
e630af40 T env_get_addr
e630af58 T env_get_char_memory
e630af62 T env_get_char
e630af84 T getenv_yesno
e630afae T getenv_default
e630afd8 T set_default_env
e630b054 T set_default_vars
e630b078 T env_import
e630b108 T env_relocate
e630b130 t skip_num
e630b174 t clear_flags
e630b17c t on_flags
e630b1b0 T env_flags_parse_vartype
e630b1e0 T env_flags_parse_varaccess
e630b218 t set_flags
e630b280 T env_flags_parse_varaccess_from_binflags
e630b298 T env_flags_init
e630b304 T env_flags_validate
e630b508 T saveenv
e630b5e4 T env_relocate_spec
e630b64c T env_init
e630b660 t dummy
e630b662 T get_version
e630b666 T jumptable_init
e630b7b4 t of_bus_default_map
e630b85c t of_bus_default_count_cells
e630b8a0 t get_cells_len
e630b8c0 t of_bus_default_translate
e630b924 T fdt_getprop_u32_default
e630b94c T fdt_find_and_setprop
e630b994 T fdt_initrd
e630bab0 T fdt_chosen
e630bb58 T do_fixup_by_path
e630bb8c T do_fixup_by_path_u32
e630bba6 T do_fixup_by_prop
e630bc04 T do_fixup_by_prop_u32
e630bc28 T do_fixup_by_compat
e630bc78 T do_fixup_by_compat_u32
e630bc92 T fdt_fixup_memory_banks
e630be28 T fdt_fixup_memory
e630be3e T fdt_fixup_ethernet
e630bf0c T fdt_resize
e630bf90 T fdt_increase_size
e630bf9c T fdt_del_node_and_alias
e630bfcc T __of_translate_address
e630c15c T fdt_translate_address
e630c168 T fdt_node_offset_by_compat_reg
e630c1c0 T fdt_alloc_phandle
e630c1f6 T fdt_set_phandle
e630c234 T fdt_create_phandle
e630c274 T fdt_set_node_status
e630c304 T fdt_set_status_by_alias
e630c320 T fdt_verify_alias_address
e630c3ac T fdt_get_base_address
e630c3f4 T hash_command
e630c410 t fdt_error
e630c434 t on_loadaddr
e630c454 T image_check_hcrc
e630c47e T image_check_dcrc
e630c4a0 T image_multi_count
e630c4b2 T image_multi_getimg
e630c502 T getenv_bootm_low
e630c524 T getenv_bootm_size
e630c560 T getenv_bootm_mapsize
e630c580 T memmove_wd
e630c58a T genimg_print_size
e630c5ac T get_table_entry_name
e630c5c2 T genimg_get_os_name
e630c5d4 T genimg_get_arch_name
e630c5e8 T genimg_get_type_name
e630c5fc T genimg_get_comp_name
e630c610 T image_print_contents
e630c700 T get_table_entry_id
e630c726 T genimg_get_os_id
e630c738 T genimg_get_arch_id
e630c74c T genimg_get_type_id
e630c760 T genimg_get_comp_id
e630c774 T genimg_get_format
e630c794 T genimg_get_image
e630c796 T genimg_has_config
e630c79a T boot_get_ramdisk
e630c908 T boot_ramdisk_high
e630c9c8 T boot_fdt_add_mem_rsv_regions
e630ca1c T boot_relocate_fdt
e630cb28 T boot_get_fdt
e630cca4 t delete_char.part.0
e630cd28 t cread_add_char
e630cda8 T __show_boot_progress
e630cda8 W show_boot_progress
e630cdaa T readline_into_buffer
e630d328 T readline
e630d33c T parse_line
e630d390 t builtin_run_command
e630d58c T run_command
e630d59a T run_command_list
e630d61c T main_loop
e630d70c T do_run
e630d758 T get_ram_size
e630d7e8 t legacy_miiphy_read
e630d80a t legacy_miiphy_write
e630d820 T miiphy_get_dev_by_name
e630d858 T miiphy_init
e630d868 T mdio_alloc
e630d884 T miiphy_register
e630d934 T mdio_register
e630d97c T mdio_list_devices
e630d9e0 T miiphy_set_current_dev
e630da08 t miiphy_get_active_dev
e630da38 T mdio_get_current_dev
e630da44 T mdio_phydev_for_ethname
e630da98 T miiphy_get_current_dev
e630daa8 T miiphy_read
e630dad0 T miiphy_write
e630daf4 T miiphy_listdev
e630db40 T miiphy_info
e630db9c T miiphy_speed
e630dbfc T miiphy_duplex
e630dc5c T miiphy_is_1000base_x
e630dc60 t hex1_bin
e630dc8a t hex2_bin
e630dcae T srec_decode
e630de34 T stdio_get_list
e630de3c T stdio_get_by_name
e630de6c T stdio_clone
e630de8e T stdio_register
e630deb8 T stdio_init
e630df1c t usb_set_maxpacket_ep
e630df70 T usb_stop
e630dfb0 T usb_disable_asynch
e630dfc4 T usb_submit_int_msg
e630dfc8 T usb_control_msg
e630e040 t usb_get_descriptor
e630e078 t usb_get_string
e630e0c8 t usb_string_sub
e630e15c T usb_bulk_msg
e630e1a4 T usb_maxpacket
e630e1be T usb_clear_halt
e630e21a T usb_get_configuration_no
e630e280 T usb_set_interface
e630e2ec T usb_set_protocol
e630e31a T usb_set_idle
e630e34c T usb_get_report
e630e386 T usb_get_class_descriptor
e630e3c0 T usb_string
e630e45c T usb_get_dev_index
e630e478 T usb_alloc_new_device
e630e4ec T usb_free_device
e630e528 T usb_new_device
e630e848 T usb_init
e630e908 t usb_set_port_feature
e630e936 t usb_hub_power_on
e630e966 t usb_get_port_status
e630e996 t usb_clear_port_feature
e630e9c4 t usb_get_hub_descriptor
e630e9f8 T usb_hub_reset
e630ea04 T hub_port_reset
e630ea7c T usb_hub_port_connect_change
e630eb38 t usb_hub_configure
e630ed0c T usb_hub_probe
e630ed44 t usb_stor_irq
e630ed54 t usb_stor_BBB_reset
e630ede2 t usb_stor_CB_reset
e630ee70 t usb_stor_BBB_clear_endpt_stall.isra.2
e630ee9c t usb_stor_BBB_transport
e630f040 t usb_stor_CB_comdat
e630f19c t usb_stor_CBI_get_status.isra.4
e630f218 t usb_stor_CB_transport
e630f378 t usb_request_sense.constprop.10
e630f3cc T usb_stor_write
e630f50c T usb_stor_read
e630f64c T usb_stor_get_dev
e630f668 T usb_stor_info
e630f6b4 T usb_storage_probe
e630f810 T usb_stor_get_info
e630fa04 T usb_stor_scan
e630fb64 t CYGACC_COMM_IF_GETC_TIMEOUT.isra.0
e630fb90 t xyzModem_flush
e630fba4 t xyzModem_get_hdr
e630fd10 T xyzModem_stream_open
e630fe88 T xyzModem_stream_read
e6310048 T xyzModem_stream_close
e6310088 T xyzModem_stream_terminate
e63100f0 T xyzModem_error
e6310108 T get_dev
e6310148 T dev_print
e631029c T init_part
e63102b0 T print_part
e6310344 T get_partition_info
e6310360 T get_device
e63103b4 T get_device_and_partition
e6310584 t test_block_type
e63105cc t print_partition_extended
e6310784 t get_partition_info_extended.constprop.1
e6310950 T test_part_dos
e6310992 T print_part_dos
e63109b4 T get_partition_info_dos
e63109cc t gpio_read_raw_reg
e6310a0c t gpio_write_raw_reg.part.5
e6310a30 t get_data_reg
e6310a66 t sh_gpio_set_value
e6310b40 t pinmux_config_gpio
e6310d0c t pinmux_direction
e6310d88 T register_pinmux
e6310e44 T unregister_pinmux
e6310e5c T gpio_request
e6310ee4 T gpio_free
e6310f18 T gpio_direction_input
e6310f28 T gpio_direction_output
e6310f4c T gpio_set_value
e6310f5c T gpio_get_value
e6310f9c t irq_dte
e6310fb8 t irq_dte_with_tack
e6310fe6 t i2c_set_addr
e6311050 t irq_busy
e631106c T i2c_init
e63110dc T i2c_read
e631117c T i2c_write
e6311200 T i2c_probe
e6311224 T input_tstc
e631124c T input_getc
e631127e T input_send_keycodes
e63114f4 T input_add_table
e6311518 T input_set_delays
e6311522 T input_init
e63115a0 T input_stdio_register
e63115d4 t mmc_send_cmd
e63115da t mmc_send_ext_csd
e6311608 t mmc_set_ios
e631160e t mmc_go_idle
e6311640 t mmc_send_status.constprop.5
e63116c4 t mmc_switch.isra.0
e63116f4 T __board_mmc_getcd
e63116f4 W board_mmc_getcd
e63116fa T find_mmc_device
e6311728 t mmc_berase
e6311834 t mmc_bwrite
e6311934 t mmc_bread
e6311a14 T mmc_switch_part
e6311a3a T mmc_getcd
e6311a56 T mmc_set_clock
e6311a6a t mmc_startup
e63120fc T mmc_register
e631215c T mmc_init
e6312374 T mmc_get_dev
e6312390 W cpu_mmc_init
e6312390 t __def_mmc_init
e6312396 T print_mmc_devices
e63123e0 T get_mmc_num
e63123ec T mmc_initialize
e631241c t mmcif_wait_interrupt_flag
e6312528 t sh_mmcif_set_ios
e631257c t sh_mmcif_sync_reset.isra.2
e63125b4 t sh_mmcif_init
e63125c6 t sh_mmcif_error_manage
e6312630 t sh_mmcif_request
e63129cc T mmcif_mmc_init
e6312a6c t sdhi_detect
e6312a94 t sdhi_init
e6312a98 t sdhi_wait_interrupt_flag
e6312c34 t sdhi_get_response
e6312d38 t sdhi_clock_control
e6312dcc t sdhi_set_ios
e6312e06 t sdhi_sync_reset
e6312e64 t sdhi_error_manage
e6312ed0 t sdhi_request
e6313354 T sdhi_mmc_init
e6313408 t spi_flash_read_write
e6313478 T spi_flash_cmd_read
e631348a T spi_flash_cmd
e63134a2 T spi_flash_cmd_write
e63134b4 T spi_flash_read_common
e63134e2 T spi_flash_cmd_read_fast
e631350e T spi_flash_cmd_read_quad
e6313540 T spi_flash_cmd_poll_bit
e63135bc T spi_flash_cmd_wait_ready
e63135c4 T spi_flash_cmd_write_multi
e6313668 T spi_flash_cmd_write_quad
e6313710 T spi_flash_cmd_erase
e63137b0 T spi_flash_cmd_erase_quad
e631384e T spi_flash_cmd_write_status
e6313892 T spi_flash_probe
e6313924 T spi_flash_free
e6313938 T spi_flash_probe_spansion
e6313a24 t sh_eth_bb_init
e6313a28 t sh_eth_bb_mdio_active
e6313a44 t sh_eth_bb_mdio_tristate
e6313a60 t sh_eth_bb_set_mdio
e6313a88 t sh_eth_bb_get_mdio
e6313aa0 t sh_eth_bb_set_mdc
e6313ac8 T sh_eth_send
e6313bc0 t sh_eth_bb_delay
e6313bcc T sh_eth_recv
e6313c74 T sh_eth_halt
e6313c88 T sh_eth_init
e6313f88 T sh_eth_initialize
e6314064 t miiphy_pre
e63141a6 T bb_miiphy_init
e63141cc T bb_miiphy_read
e631430c T bb_miiphy_write
e6314404 T genphy_shutdown
e6314408 t get_phy_id
e6314448 t phy_device_create
e63144d4 t get_phy_device
e6314542 T genphy_restart_aneg
e6314578 T genphy_config_aneg
e63146a2 T genphy_config
e631471a T genphy_update_link
e63147f0 T genphy_startup
e63148be T phy_init
e63148c8 T phy_register
e63148e4 T phy_reset
e6314950 T miiphy_reset
e6314968 T phy_connect
e63149c4 T phy_startup
e63149d0 W board_phy_config
e63149d0 t __board_phy_config
e63149dc T phy_config
e63149e6 T phy_shutdown
e63149f4 T phy_micrel_init
e6314a10 t get_current
e6314a38 W altera_jtag_serial_initialize
e6314a38 W altera_serial_initialize
e6314a38 W amirix_serial_initialize
e6314a38 W asc_serial_initialize
e6314a38 W atmel_serial_initialize
e6314a38 W au1x00_serial_initialize
e6314a38 W bfin_jtag_initialize
e6314a38 W bfin_serial_initialize
e6314a38 W bmw_serial_initialize
e6314a38 W clps7111_serial_initialize
e6314a38 W cogent_serial_initialize
e6314a38 W cpci750_serial_initialize
e6314a38 W evb64260_serial_initialize
e6314a38 W imx_serial_initialize
e6314a38 W iop480_serial_initialize
e6314a38 W ixp_serial_initialize
e6314a38 W jz_serial_initialize
e6314a38 W ks8695_serial_initialize
e6314a38 W leon2_serial_initialize
e6314a38 W leon3_serial_initialize
e6314a38 W lh7a40x_serial_initialize
e6314a38 W lpc32xx_serial_initialize
e6314a38 W marvell_serial_initialize
e6314a38 W max3100_serial_initialize
e6314a38 W mcf_serial_initialize
e6314a38 W ml2_serial_initialize
e6314a38 W mpc512x_serial_initialize
e6314a38 W mpc5xx_serial_initialize
e6314a38 W mpc8220_serial_initialize
e6314a38 W mpc8260_scc_serial_initialize
e6314a38 W mpc8260_smc_serial_initialize
e6314a38 W mpc85xx_serial_initialize
e6314a38 W mpc8xx_serial_initialize
e6314a38 W mxc_serial_initialize
e6314a38 W ns16550_serial_initialize
e6314a38 W ns9750_serial_initialize
e6314a38 W oc_serial_initialize
e6314a38 W p3mx_serial_initialize
e6314a38 W pl01x_serial_initialize
e6314a38 W pxa_serial_initialize
e6314a38 W s3c24xx_serial_initialize
e6314a38 W s3c44b0_serial_initialize
e6314a38 W s3c64xx_serial_initialize
e6314a38 W s5p_serial_initialize
e6314a38 W sa1100_serial_initialize
e6314a38 W sandbox_serial_initialize
e6314a38 W sconsole_serial_initialize
e6314a38 W uartlite_serial_initialize
e6314a38 W zynq_serial_initalize
e6314a38 t serial_null
e6314a3a T serial_register
e6314a48 T serial_stdio_init
e6314a94 T serial_assign
e6314abc T serial_initialize
e6314b92 T serial_reinit_all
e6314ba8 T serial_init
e6314bb6 T serial_setbrg
e6314bc4 t on_baudrate
e6314c54 T serial_getc
e6314c62 T serial_tstc
e6314c70 T serial_putc
e6314c82 T serial_puts
e6314c94 T default_serial_puts
e6314cb0 t handle_error
e6314cc4 t sh_serial_setbrg
e6314ce8 t sh_serial_init
e6314d0c t sh_serial_tstc
e6314d34 T serial_raw_putc
e6314d54 t sh_serial_putc
e6314d6c T serial_getc_check
e6314d98 t sh_serial_getc
e6314dd0 T sh_serial_initialize
e6314ddc W default_serial_console
e6314de4 t sh_qspi_xfer.isra.0
e6314e34 T spi_init
e6314e36 T spi_setup_slave
e6314ea0 T spi_free_slave
e6314ea4 T spi_claim_bus
e6314ea8 T spi_release_bus
e6314eaa T sh_qspi_xfer_quad
e6314fd8 T sh_qspi_xfer_fast
e631506c T spi_xfer_quad
e63150c4 T spi_xfer
e6315100 T spi_cs_is_valid
e6315104 T spi_cs_activate
e6315106 T spi_cs_deactivate
e6315108 T is_eth_dev_on_usb_host
e631513c T usb_host_eth_scan
e6315248 t asix_halt
e631524a t asix_send
e63152b4 t asix_recv
e631535c t asix_write_cmd.isra.0
e6315392 t asix_write_hwaddr
e63153c2 t asix_write_rx_ctl
e63153da t asix_mdio_write
e631542c t asix_write_gpio
e6315454 t asix_sw_reset
e631547c t asix_read_cmd.isra.1
e63154b6 t asix_mdio_read
e6315508 t mii_nway_restart
e6315530 t asix_read_rx_ctl
e631555a t asix_init
e63155e0 T asix_eth_before_probe
e63155ec T asix_eth_probe
e63156ec T asix_eth_get_info
e6315b10 t handshake
e6315b42 t ehci_td_buffer
e6315b9c t ehci_submit_async
e6315f7a T __ehci_powerup_fixup
e6315f7a W ehci_powerup_fixup
e6315f80 T ehci_submit_root
e63162d2 T usb_lowlevel_stop
e63162d6 T usb_lowlevel_init
e63163e0 T submit_bulk_msg
e63163fa T submit_control_msg
e631644c T submit_int_msg
e631648c T ehci_hcd_stop
e63164e4 T ehci_hcd_init
e6316598 T get_fs
e63165a0 T ext4fs_free_node
e63165b8 T ext4fs_read_file
e6316724 T ext4fs_ls
e631676c T ext4fs_read
e6316790 T ext4fs_probe
e63167ae T ext4_read_file
e63167f0 T ext4fs_div_roundup
e6316804 T put_ext4
e6316920 T ext4fs_set_block_bmap
e631699c T ext4fs_reset_block_bmap
e6316a10 T ext4fs_set_inode_bmap
e6316a70 T ext4fs_reset_inode_bmap
e6316acc T ext4fs_checksum_update
e6316b12 T ext4fs_get_new_blk_no
e6316d64 T ext4fs_get_new_inode_no
e6316f98 T ext4fs_allocate_blocks
e6317390 T ext4fs_read_inode
e631744e T ext4fs_iget
e631746c T read_allocated_block
e6317a84 T ext4fs_update_parent_dentry
e6317cf0 t search_dir
e6317da6 T ext4fs_get_parent_inode_num
e6318044 T ext4fs_filename_check
e6318120 T ext4fs_close
e6318198 T ext4fs_iterate_dir
e6318364 t ext4fs_find_file1
e63184fc T ext4fs_find_file
e631853c T ext4fs_open
e631858c T ext4fs_mount
e6318610 T ext4fs_set_blk_dev
e6318650 T ext4fs_devread
e63187e0 T ext4_read_superblock
e6318808 t ext4fs_update
e63188b0 T ext4fs_get_bgdtable
e6318930 T ext4fs_deinit
e6318a38 T ext4fs_init
e6318bf4 T ext4fs_write
e631981c T ext4fs_dump_metadata
e6319858 T ext4fs_free_journal
e63198d0 T ext4fs_log_gdt
e6319960 T ext4fs_log_journal
e6319a0c T ext4fs_put_metadata
e6319a90 T print_revoke_blks
e6319ac4 T ext4fs_push_revoke_blk
e6319b58 T ext4fs_free_revoke_blks
e6319b98 T check_blknr_for_revoke
e6319bd8 T recover_transaction
e6319cc8 T print_jrnl_status
e6319cdc T ext4fs_check_journal_state
e6319edc T ext4fs_init_journal
e631a090 T ext4fs_update_journal
e631a2bc T ext2fs_crc16
e631a2e0 t downcase
e631a2f8 t disk_read
e631a320 t get_fatent
e631a3f0 t mkcksum
e631a426 t check_overflow
e631a46c t disk_write
e631a4b4 t flush_fat_buffer
e631a508 t get_fatent_value
e631a604 t set_fatent_value
e631a6a2 t get_cluster
e631a794 t get_name
e631a802 t set_cluster
e631a882 t set_contents
e631a99c t read_bootsectandvi
e631aa50 t set_name
e631ab1c t slot2str
e631ab78 t get_vfatname
e631ac7c t flush_dir_table.constprop.7
e631ad0c t do_fat_write
e631b342 T fat_set_blk_dev
e631b3cc T fat_register_device
e631b41c T do_fat_read_at
e631bb58 T do_fat_read
e631bb6c T file_fat_detectfs
e631bc40 T file_fat_ls
e631bc4a T file_fat_read_at
e631bc74 T file_fat_read
e631bc7e T file_fat_write
e631bca0 T file_getfsname
e631bcb0 T file_cd
e631bdc8 T file_detectfs
e631bdf8 T file_ls
e631be54 T file_read
e631beb4 t fs_probe_ext
e631bedc t fs_close
e631bef8 t fs_probe_fat
e631bf04 T fs_set_blk_dev
e631bf60 T fs_ls
e631bf98 T fs_read
e631c02c T do_load
e631c16c T do_ls
e631c1b0 T fdt_check_header
e631c1fc T fdt_offset_ptr
e631c226 T fdt_next_tag
e631c2ac T _fdt_check_node_offset
e631c2d0 T _fdt_check_prop_offset
e631c2f4 T fdt_next_node
e631c362 T _fdt_find_string
e631c392 T fdt_move
e631c3bc T fdt_create_empty_tree
e631c400 t _nextprop
e631c436 T fdt_string
e631c440 T fdt_get_mem_rsv
e631c478 T fdt_num_mem_rsv
e631c49a T fdt_subnode_offset_namelen
e631c516 T fdt_subnode_offset
e631c534 T fdt_get_name
e631c572 T fdt_first_property_offset
e631c588 T fdt_next_property_offset
e631c59e T fdt_get_property_by_offset
e631c5cc T fdt_get_property_namelen
e631c62e T fdt_get_property
e631c650 T fdt_getprop_namelen
e631c662 T fdt_getprop_by_offset
e631c688 T fdt_getprop
e631c6aa T fdt_get_phandle
e631c6e8 T fdt_get_alias_namelen
e631c714 T fdt_path_offset
e631c7a8 T fdt_get_alias
e631c7c2 T fdt_get_path
e631c87c T fdt_supernode_atdepth_offset
e631c8ee T fdt_node_depth
e631c90c T fdt_parent_offset
e631c92c T fdt_node_offset_by_prop_value
e631c97c T fdt_node_offset_by_phandle
e631c9bc T fdt_node_check_compatible
e631ca10 T fdt_node_offset_by_compatible
e631ca48 t _fdt_blocks_misordered
e631ca7e t _fdt_splice
e631cac0 t _fdt_splice_mem_rsv
e631caec t _fdt_splice_struct
e631cb12 t _fdt_packblocks
e631cb6e t _fdt_add_property
e631cc1a t _fdt_rw_check_header
e631cc52 T fdt_add_mem_rsv
e631cca4 T fdt_del_mem_rsv
e631cce0 T fdt_set_name
e631cd32 T fdt_setprop
e631cda6 T fdt_appendprop
e631ce24 T fdt_delprop
e631ce5e T fdt_add_subnode_namelen
e631cef8 T fdt_add_subnode
e631cf16 T fdt_del_node
e631cf46 T fdt_open_into
e631d038 T fdt_pack
e631d06c T fdt_strerror
e631d0a8 t _fdt_sw_check_header
e631d0bc t _fdt_grab_space
e631d0ec T fdt_create
e631d12c T fdt_add_reservemap_entry
e631d18c T fdt_finish_reservemap
e631d1a0 T fdt_begin_node
e631d1e2 T fdt_end_node
e631d208 T fdt_property
e631d2b4 T fdt_finish
e631d344 T fdt_setprop_inplace
e631d36e T fdt_nop_property
e631d398 T _fdt_node_end_offset
e631d3c0 T fdt_nop_node
e631d3f4 T cyg_crc16
e631d420 T crc32_no_comp
e631d4ac T crc32
e631d4b8 T crc32_wd
e631d4bc T crc7
e631d4d8 T display_options
e631d4f0 T print_size
e631d5d0 T print_buffer
e631d6b8 T __div64_32
e631d738 T gzalloc
e631d746 T gzfree
e631d74c T zunzip
e631d7f8 T gunzip
e631d86c t cmpkey
e631d878 t _hdelete.isra.0
e631d8a8 t drop_var_from_set.part.1
e631d8d6 T hcreate_r
e631d938 T hdestroy_r
e631d980 T hstrstr_r
e631d9e0 T hmatch_r
e631da3c T hsearch_r
e631dce4 T hdelete_r
e631dd64 T hexport_r
e631df08 T himport_r
e631e0ec T hwalk_r
e631e11c T ldiv
e631e14c T skip_spaces
e631e164 T strim
e631e198 t lmb_add_region
e631e28e T lmb_dump_all
e631e290 T lmb_init
e631e2a6 T lmb_add
e631e2a8 T lmb_free
e631e332 T lmb_reserve
e631e336 T lmb_overlaps_region
e631e360 T __lmb_alloc_base
e631e3fc T lmb_alloc_base
e631e41c T lmb_alloc
e631e422 T lmb_is_reserved
e631e44a T __board_lmb_reserve
e631e44a W board_lmb_reserve
e631e44c T __arch_lmb_reserve
e631e450 T string_to_ip
e631e488 T qsort
e631e510 T strcmp_compar
e631e518 T strncasecmp
e631e56c T strcasecmp
e631e574 T strcpy
e631e584 T strncpy
e631e59c T strcat
e631e5ba T strncat
e631e5e4 T strcmp
e631e5fe T strncmp
e631e624 T strchr
e631e63c T strlen
e631e64c T strrchr
e631e66c T strnlen
e631e684 T strdup
e631e6a6 T strspn
e631e6c4 T strpbrk
e631e6e4 T strtok
e631e728 T strsep
e631e746 T strswab
e631e76c T bcopy
e631e786 T memmove
e631e7b8 T memcmp
e631e7d4 T memscan
e631e7ea T strstr
e631e832 T memchr
e631e850 T strmhz
e631e898 T udelay
e631e8b8 T mdelay
e631e8cc t put_dec_trunc
e631e966 t put_dec
e631ea58 t string.isra.0
e631eab8 t number.isra.4
e631ec68 t vsnprintf_internal.isra.6
e631f080 T simple_strtoul
e631f0f0 T strict_strtoul
e631f132 T simple_strtol
e631f14c T ustrtoul
e631f188 T simple_strtoull
e631f224 T vsprintf
e631f226 T sprintf
e631f240 T panic
e631f270 T __assert_fail
e631f280 T simple_itoa
e631f2b8 T zcalloc
e631f2c0 T zcfree
e631f2c6 T inflate_fast
e631f674 T inflate_table
e631f9b4 T inflateReset
e631f9f4 T inflateInit2_
e631fa90 T inflateInit_
e631fa9a T inflateEnd
e631fac8 T adler32
e631fcf2 T inflate
e6320a1c T ArpInit
e6320a38 T arp_raw_request
e6320ac8 T ArpRequest
e6320b18 T ArpTimeoutCheck
e6320b6c T ArpReceive
e6320cb8 t DhcpOptionsProcess
e6320dfc t DhcpHandler
e63210f0 T BootpRequest
e63212a0 t BootpTimeout
e63212d8 T DhcpRequest
e63212dc t __def_eth_init
e63212e2 t eth_current_changed
e6321318 T eth_parse_enetaddr
e6321348 T eth_getenv_enetaddr
e632137c T eth_setenv_enetaddr
e632139c T eth_getenv_enetaddr_by_index
e63213cc T eth_get_dev_by_name
e632141c T eth_get_dev_by_index
e632143c T eth_get_dev_index
e6321450 T eth_write_hwaddr
e632156c T eth_register
e63215a8 T eth_unregister
e63215f8 T eth_initialize
e6321720 T eth_halt
e6321738 T eth_send
e632175c T eth_rx
e6321770 T eth_try_another
e63217bc T eth_init
e6321830 T eth_set_current
e6321880 T eth_get_name
e6321898 t net_clear_handlers
e63218b0 t startAgainTimeout
e63218bc t dummy_handler
e63218be T net_auto_load
e6321900 T NetStartAgain
e63219b4 T net_get_udp_handler
e63219c0 T net_set_udp_handler
e63219d8 T net_get_arp_handler
e63219e4 T net_set_arp_handler
e63219fc T NetSetTimeout
e6321a2c T NetCksum
e6321a4c T NetCksumOk
e6321a62 T NetReceive
e6321c04 T NetEthHdrSize
e6321c30 T NetSetEther
e6321c94 T net_update_ether
e6321ce8 T net_set_ip_header
e6321d40 T net_set_udp_header
e6321d94 T NetSendUDPPacket
e6321e40 T copy_filename
e6321e6c t on_bootfile
e6321e84 T random_port
e6321e96 T ip_to_string
e6321ebc T VLAN_to_string
e6321ef0 T string_to_VLAN
e6321f18 T getenv_VLAN
e6321f26 t NetInitLoop
e6321fc0 T net_init
e6322014 T NetLoop
e6322228 t rpc_lookup_reply
e632227c t nfs_mount_reply
e63222c8 t nfs_umountall_reply
e6322310 t nfs_lookup_reply
e6322358 t nfs_readlink_reply
e63223d8 t basename
e63223f8 t rpc_add_credentials
e6322474 t rpc_req
e632250c t nfs_mount_req
e6322578 t nfs_umountall_req
e63225b0 t nfs_lookup_req
e6322628 t nfs_read_req
e6322674 t nfs_readlink_req
e63226b0 t nfs_read_reply.isra.0
e6322764 t NfsSend
e63227fc t NfsHandler
e6322914 t NfsTimeout
e6322958 T NfsStart
e6322ac4 t ping_timeout
e6322ad8 T ping_start
e6322ba4 T ping_receive
e6322c40 t TftpSend
e6322d50 t TftpHandler
e6322f7c t TftpTimeout
e6322fd8 T TftpStart
e63231dc T s_init
e6323204 T board_early_init_f
e6323264 T board_init
e63233ac T board_eth_init
e63233e0 T dram_init
e63233ec T dram_init_banksize
e63233fe T board_late_init
e6323402 T board_mmc_init
e6323418 T reset_cpu
e6323458 T arch_preboot_os
e63234a4 T qos_init
e6323f3c T lowlevel_init
e6323f5c T raise
e6323f70 T __aeabi_unwind_cpp_pr0
e6323f72 T __aeabi_unwind_cpp_pr1
e6323f74 T __udivsi3
e6323f74 t .udivsi3_skip_div0_test
e6323f74 t __aeabi_uidiv
e632401c t __aeabi_uidivmod
e632403c T __divsi3
e632403c t __aeabi_idiv
e6324044 t .divsi3_skip_div0_test
e6324118 t __aeabi_idivmod
e6324138 T __lshrdi3
e6324138 t __aeabi_llsr
e6324154 T __ashldi3
e6324154 t __aeabi_llsl
e6324170 W __aeabi_ldiv0
e6324170 t __aeabi_idiv0
e6324180 t __memset_from_thumb
e6324190 t __memcpy_from_thumb
e6324220 r boot_os
e632426c r reg_0_5_desc_tbl
e632429c r desc_and_len_tbl
e63242cc r reg_5_desc_tbl
e632435c r reg_4_desc_tbl
e63243ec r reg_3_desc_tbl
e6324410 r reg_2_desc_tbl
e632441c r reg_1_desc_tbl
e63244dc r reg_0_desc_tbl
e6324554 r __func__.6484
e6324562 r __func__.6450
e6324570 V version_string
e632459b r CSWTCH.21
e63245b1 r delims.6151
e63245b4 R default_environment
e6324604 r __func__.6279
e6324614 r __func__.6290
e6324620 r env_flags_vartype_rep
e6324627 r env_flags_varaccess_rep
e632462c r env_flags_varaccess_mask
e6324640 r __func__.6353
e6324648 r __FUNCTION__.6970
e632466f r __FUNCTION__.7109
e6324688 r uimage_os
e63246dc r uimage_arch
e63247d8 r uimage_type
e63248a4 r uimage_comp
e63248ec r erase_seq
e63248f0 r tab_seq
e63248f9 r __FUNCTION__.6725
e6324909 r us_direction
e632492c r CSWTCH.28
e632494c r block_drvr
e6324964 r CSWTCH.28
e6324974 r kbd_to_ansi364
e6324994 r kbd_plain_xlate
e63249f8 r multipliers
e6324a38 r fbase
e6324a48 r ext_csd_bits.6560
e6324a54 r ext_to_hostcaps.6561
e6324a60 r widths.6562
e6324a6c r __func__.6534
e6324a80 r __func__.6562
e6324a95 r __func__.6549
e6324aab r __func__.6521
e6324ac0 r __func__.6512
e6324ad0 r __func__.6528
e6324ae2 r __func__.6498
e6324af4 r spansion_spi_flash_table
e6324b6c r prob_dev
e6324b84 r asix_dongles
e6324c23 r __func__.6979
e6324c34 r usb_base_address
e6324c3c r filesystems
e6324c54 r fstypes
e6324c64 r fdt_errtable
e6324c98 r crc16_tab
e6324e98 r crc_table
e6325298 R crc7_syndrome_table
e6325398 R _ctype
e6325498 r names.6154
e632549e r digits.6143
e63254ae r hex_asc
e63254c0 r lext.6437
e63254fe r lbase.6436
e632553c r dext.6439
e632557c r dbase.6438
e63255bc r lenfix
e6325dbc r distfix
e6325e3c r order.6532
e6325e64 R z_errmsg
e6325e8c R sysinfo
e6325e90 r dbsc3_0_r_qos_addr
e6325ed0 r dbsc3_0_w_qos_addr
e6325f10 r __func__.6814
e6325f2c r __func__.6443
e6325f3b r __func__.6479
e6325f4e r __func__.6488
e6325f62 r crc16_table
e6326162 r __func__.6145
e6326178 r __FUNCTION__.6206
e632618a r __FUNCTION__.6221
e632619d r __FUNCTION__.6406
e63261af r __FUNCTION__.6395
e63261c0 r __FUNCTION__.6276
e63261cf r __FUNCTION__.6375
e63261df r __func__.7221
e63261eb r __func__.7340
e63261fd r __FUNCTION__.6668
e632dd3c d r8a7794_pinmux_info
e632dd9c d pinmux_data_regs
e632de3c d __compound_literal.85
e632de7c d __compound_literal.84
e632debc d __compound_literal.83
e632defc d __compound_literal.82
e632df3c d __compound_literal.81
e632df7c d __compound_literal.80
e632dfbc d __compound_literal.79
e632dffc d pinmux_config_regs
e632e2fc d __compound_literal.78
e632e37c d __compound_literal.76
e632e3fc d __compound_literal.74
e632e47c d __compound_literal.72
e632e4fc d __compound_literal.70
e632e57c d __compound_literal.68
e632e5fc d __compound_literal.66
e632e67c d __compound_literal.64
e632e700 d __compound_literal.63
e632e780 d __compound_literal.61
e632e800 d __compound_literal.60
e632e880 d __compound_literal.58
e632e918 d __compound_literal.57
e632e998 d __compound_literal.55
e632ea3c d __compound_literal.54
e632eabc d __compound_literal.52
e632eb5c d __compound_literal.51
e632ebdc d __compound_literal.49
e632ec7c d __compound_literal.48
e632ecfc d __compound_literal.46
e632eda4 d __compound_literal.45
e632ee24 d __compound_literal.43
e632eec8 d __compound_literal.42
e632ef48 d __compound_literal.40
e632eff0 d __compound_literal.39
e632f070 d __compound_literal.37
e632f118 d __compound_literal.36
e632f198 d __compound_literal.34
e632f22c d __compound_literal.33
e632f2ac d __compound_literal.31
e632f334 d __compound_literal.30
e632f3b4 d __compound_literal.28
e632f444 d __compound_literal.27
e632f4c4 d __compound_literal.25
e632f558 d __compound_literal.24
e632f5d8 d __compound_literal.22
e632f668 d __compound_literal.21
e632f6e8 d __compound_literal.19
e632f770 d __compound_literal.18
e632f7f0 d __compound_literal.16
e632f870 d __compound_literal.15
e632f8f0 d __compound_literal.13
e632f970 d __compound_literal.11
e632f9f0 d __compound_literal.9
e632fa70 d __compound_literal.7
e632faf0 d __compound_literal.5
e632fb70 d __compound_literal.3
e632fbf0 d __compound_literal.1
e632fc70 d pinmux_gpios
e6330d18 d pinmux_data
e6333318 D init_sequence
e633334c d cmd_bootm_sub
e633340c d bootz_help_text
e6333614 d bootm_help_text
e6333964 d root.6652
e6333966 d tabs.6734
e6333987 d fdt_help_text
e6333f64 d do_echo
e6333f68 d dp_last_length
e6333f6c d curr_device
e6333f70 d env_id
e6333f74 d cmd_env_sub
e633404c d env_help_text
e6334264 d usb_stor_curr_dev
e6334268 d av_
e6334670 d sbrk_base
e6334674 d trim_threshold
e6334678 D env_htab
e6334688 D env_name_spec
e633468c d of_busses
e63346a0 D load_addr
e63346a4 d hist_cur
e63346a8 D stdio_names
e63346b4 d kbd_shift_xlate
e6334717 d kbd_ctrl_xlate
e633477c d cur_dev_num
e6334780 D bb_miiphy_buses
e63347b0 D bb_miiphy_buses_num
e63347b4 d genphy_driver
e63347e0 d phy_drivers
e63347e8 d KSZ804_driver
e6334814 d KS8721_driver
e6334840 d sh_serial_drv
e6334870 d descriptor
e63348a8 d prev_bg_bitmap_index.6749
e63348ac d prev_inode_bitmap_index.6768
e63348b0 D ext4fs_indir1_blkno
e63348b4 D ext4fs_indir2_blkno
e63348b8 D ext4fs_indir3_blkno
e63348bc d prev_bg_bmap_idx.6545
e63348c0 d prev_bg_bmap_idx.6479
e63348c4 d prev_bg_bmap_idx.6493
e63348c8 d prev_bg_bmap_idx.6513
e63348cc d first_node
e63348d0 D file_cwd
e6334ad0 d current_filesystem
e6334ad4 D NetOurVLAN
e6334ad6 D NetOurNativeVLAN
e6334ad8 D NetBcastAddr
e6334ae0 d first_call.6336
e6334ae4 d nfs_offset
e6334ae8 d TftpTimeoutMSecs
e6334aec d TftpBlkSizeOption
e6334aee d TftpBlkSize
e6334af0 d TftpTimeoutCountMax
e6334af4 D TftpRRQTimeoutCountMax
e6334af8 D TftpRRQTimeoutMSecs
e6334afc D mstptbl
e6334c10 D _u_boot_list__start
e6334c10 D _u_boot_list_cmd__start
e6334c10 D _u_boot_list_cmd_base
e6334c28 D _u_boot_list_cmd_bootm
e6334c40 D _u_boot_list_cmd_bootp
e6334c58 D _u_boot_list_cmd_bootz
e6334c70 D _u_boot_list_cmd_cmp
e6334c88 D _u_boot_list_cmd_cp
e6334ca0 D _u_boot_list_cmd_crc32
e6334cb8 D _u_boot_list_cmd_dcache
e6334cd0 D _u_boot_list_cmd_dhcp
e6334ce8 D _u_boot_list_cmd_editenv
e6334d00 D _u_boot_list_cmd_env
e6334d18 D _u_boot_list_cmd_ext4load
e6334d30 D _u_boot_list_cmd_ext4ls
e6334d48 D _u_boot_list_cmd_ext4write
e6334d60 D _u_boot_list_cmd_fatinfo
e6334d78 D _u_boot_list_cmd_fatload
e6334d90 D _u_boot_list_cmd_fatls
e6334da8 D _u_boot_list_cmd_fatwrite
e6334dc0 D _u_boot_list_cmd_fdt
e6334dd8 D _u_boot_list_cmd_go
e6334df0 D _u_boot_list_cmd_help
e6334e08 D _u_boot_list_cmd_icache
e6334e20 D _u_boot_list_cmd_loads
e6334e38 D _u_boot_list_cmd_loop
e6334e50 D _u_boot_list_cmd_md
e6334e68 D _u_boot_list_cmd_mdio
e6334e80 D _u_boot_list_cmd_mii
e6334e98 D _u_boot_list_cmd_mm
e6334eb0 D _u_boot_list_cmd_mmc
e6334ec8 D _u_boot_list_cmd_mmcinfo
e6334ee0 D _u_boot_list_cmd_mtest
e6334ef8 D _u_boot_list_cmd_mw
e6334f10 D _u_boot_list_cmd_nfs
e6334f28 D _u_boot_list_cmd_nm
e6334f40 D _u_boot_list_cmd_ping
e6334f58 D _u_boot_list_cmd_printenv
e6334f70 D _u_boot_list_cmd_question_mark
e6334f88 D _u_boot_list_cmd_reset
e6334fa0 D _u_boot_list_cmd_run
e6334fb8 D _u_boot_list_cmd_saveenv
e6334fd0 D _u_boot_list_cmd_setenv
e6334fe8 D _u_boot_list_cmd_sf
e6335000 D _u_boot_list_cmd_sspi
e6335018 D _u_boot_list_cmd_tftpboot
e6335030 D _u_boot_list_cmd_usb
e6335048 D _u_boot_list_cmd_usbboot
e6335060 D _u_boot_list_cmd_version
e6335078 D _u_boot_list_cmd__end
e6335078 D _u_boot_list_env_clbk__start
e6335078 D _u_boot_list_env_clbk_baudrate
e6335080 D _u_boot_list_env_clbk_bootfile
e6335088 D _u_boot_list_env_clbk_callbacks
e6335090 D _u_boot_list_env_clbk_console
e6335098 D _u_boot_list_env_clbk_flags
e63350a0 D _u_boot_list_env_clbk_loadaddr
e63350a8 B __bss_start
e63350a8 D _u_boot_list__end
e63350a8 D _u_boot_list_env_clbk__end
e63350a8 R __image_copy_end
e63350a8 R __rel_dyn_start
e63350a8 b __compound_literal.77
e6335128 b __compound_literal.75
e63351a8 b __compound_literal.73
e6335228 b __compound_literal.71
e63352a8 b __compound_literal.69
e6335328 b __compound_literal.67
e63353a8 b __compound_literal.65
e6335428 b __compound_literal.62
e63354a8 b __compound_literal.59
e6335528 b __compound_literal.56
e63355a8 b __compound_literal.53
e6335628 b __compound_literal.50
e63356a8 b __compound_literal.47
e6335728 b __compound_literal.44
e63357a8 b __compound_literal.41
e6335828 b __compound_literal.38
e63358a8 b __compound_literal.35
e6335928 b __compound_literal.32
e63359a8 b __compound_literal.29
e6335a28 b __compound_literal.26
e6335aa8 b __compound_literal.23
e6335b28 b __compound_literal.20
e6335ba8 b __compound_literal.17
e6335c28 b __compound_literal.14
e6335ca8 b __compound_literal.12
e6335d28 b __compound_literal.10
e6335da8 b __compound_literal.8
e6335e28 b __compound_literal.6
e6335ea8 b __compound_literal.4
e6335f28 b __compound_literal.2
e6335fa8 b __compound_literal.0
e6336028 b bit
e633602c b last_tcnt
e6336030 b overflow_ticks
e6336038 B monitor_flash_len
e633603c b params
e6336040 B images
e6336170 B working_fdt
e6336174 b data.6625
e6336574 b last_addr_lo
e6336578 b last_addr_hi
e633657c b last_devad_lo
e6336580 b last_devad_hi
e6336584 b last_reg_lo
e6336588 b last_reg_hi
e633658c b last_data
e6336590 b last_op
e6336594 b base_address
e6336598 b dp_last_addr
e633659c b dp_last_size
e63365a0 b mm_last_addr
e63365a4 b mm_last_size
e63365a8 b last_op
e63365ac b last_addr_lo
e63365b0 b last_addr_hi
e63365b4 b last_reg_lo
e63365b8 b last_reg_hi
e63365bc b last_data
e63365c0 b flash
e63365c4 b mode
e63365c8 b bus
e63365cc b cs
e63365d0 b bitlen
e63365d4 b dout
e63365f4 b din
e6336614 b ctrlc_disabled
e6336618 b ctrlc_was_pressed
e633661c B mem_malloc_brk
e6336620 B mem_malloc_start
e6336624 B mem_malloc_end
e6336628 b current_mallinfo
e6336650 b top_pad
e6336654 b max_sbrked_mem
e6336658 b max_total_mem
e633665c b env_flash
e6336660 B save_size
e6336664 B save_addr
e6336668 b initted.7068
e633666c b hist_max
e6336670 b hist_add_idx
e6336674 b hist_num
e6336678 b hist_list
e63366c8 b hist_lines
e6337adc B console_buffer
e6337bdd b lastcommand.6934
e6337ce0 b mii_devs
e6337ce8 b current_mii
e6337cec b devs
e6337d28 B stdio_devices
e6337d40 B usb_started
e6337d44 b asynch_allowed
e6337d80 b usb_dev
e633a888 R __dynsym_start
e633a888 R __rel_dyn_end
e633a998 R _end
e6344d80 b dev_index
e6344dc0 b usb_hub_index
e6344dc4 b hub_dev
e6344f00 b CBWTag
e6344f40 b usb_ccb
e6345000 b usb_dev_desc
e6345244 b usb_max_devs
e6345248 b usb_stor
e6345380 b xyz
e63457bc b gpioc
e63457c0 b iccl
e63457c2 b icch
e63457c4 b base
e63457c8 b mmc_devices
e63457d0 b detect_waiting
e63457d4 b g_sd_error
e63457d8 b g_wait_int
e63457dc b serial_current
e63457e0 b serial_devices
e63457e4 b usb_max_eth_dev
e63457e8 b usb_eth
e63459a0 b curr_eth_dev
e63459c0 b ehcic
e6345b40 B ext_fs
e6345b88 B ext4fs_symlinknest
e6345b90 B ext4fs_root
e6345b94 B ext4fs_indir1_block
e6345b98 B ext4fs_indir1_size
e6345b9c B ext4fs_indir2_block
e6345ba0 B ext4fs_indir2_size
e6345ba4 B ext4fs_indir3_block
e6345ba8 B ext4fs_indir3_size
e6345bac B g_parent_inode
e6345bb0 B ext4fs_file
e6345bb4 b symlinknest
e6345bb8 b ext4fs_block_dev_desc
e6345bbc b part_info
e6345bc0 B part_offset
e6345bc4 B dirty_block_ptr
e6345d54 B journal_ptr
e6345ee4 B gindex
e6345ee8 B gd_index
e6345eec B jrnl_blk_idx
e6345ef0 b revk_blk_list
e6345ef4 b prev_node
e6345f00 b cur_dev
e6345f04 b cur_part_info
e6345f54 b total_sector
e6345f58 b num_of_fats
e6345f80 B get_contents_vfatname_block
e6355f80 B get_dentfromdir_block
e6365f80 b dir_curclust
e6365f84 b empty_dentptr
e6365fc0 B do_fat_read_at_block
e6375fc0 b fs_partition
e6376010 b fs_dev_desc
e6376014 b fs_type
e6376018 B errno
e637601c B ___strtok
e6376020 b local.6322
e6376038 B NetArpWaitPacketMAC
e637603c B NetArpWaitPacketIP
e6376040 b NetArpWaitReplyIP
e6376044 B NetArpWaitTxPacketSize
e6376048 b NetArpTxPacket
e637604c b NetArpPacketBuf
e637668c B NetArpWaitTimerStart
e6376690 B NetArpWaitTry
e6376694 b dhcp_leasetime
e6376698 b NetDHCPServerIP
e637669c B BootpID
e63766a0 b dhcp_state
e63766a4 B BootpTry
e63766a8 B eth_current
e63766ac b eth_devices
e63766b0 b index.6696
e63766b4 b first_failed.6743
e63766b8 b act.6748
e63766bc b env_changed_id.6749
e63766c0 b udp_packet_handler
e63766c4 b arp_packet_handler
e63766c8 b timeHandler
e63766cc B net_state
e63766d0 B NetRestartWrap
e63766d4 b NetDevExists
e63766d8 b timeStart
e63766dc b timeDelta
e63766e0 b NetTryCount
e63766e4 b NetRestarted
e63766e8 B NetRxPacket
e63766ec B NetRxPacketLen
e63766f0 B NetOurIP
e63766f4 B NetOurEther
e63766fc B NetIPID
e6376700 B NetTxPacket
e6376704 B NetEtherNullAddr
e637670a B BootFile
e637678c b env_changed_id.6325
e6376790 B NetOurGatewayIP
e6376794 B NetOurSubnetMask
e6376798 B NetServerIP
e637679c b PktBuf
e63785dc B NetRxPackets
e63785ec B NetBootFileXferSize
e63785f0 B NetServerEther
e63785f6 B NetBootFileSize
e63785f8 B NetOurRootPath
e6378638 B NetOurHostName
e6378658 B NetOurNISDomain
e6378678 B NetOurDNSIP
e637867c b rpc_id
e6378680 b NfsSrvMountPort
e6378684 b NfsSrvNfsPort
e6378688 b fs_mounted
e637868c b dirfh
e63786ac b filefh
e63786cc b nfs_path
e63786d0 b NfsOurPort
e63786d4 b NfsServerIP
e63786d8 b NfsState
e63786dc b nfs_filename
e63786e0 b nfs_len
e63786e4 b nfs_download_state
e63786e8 b NfsTimeoutCount
e63786ec b nfs_path_buff
e6378eec b default_filename
e6378f2c B NetPingIP
e6378f30 b PingSeqNo
e6378f34 b TftpState
e6378f38 b tftp_filename
e6378fb8 b TftpBlock
e6378fbc b TftpOurPort
e6378fc0 b TftpRemotePort
e6378fc4 b TftpRemoteIP
e6378fc8 b TftpBlockWrap
e6378fcc b TftpBlockWrapOffset
e6378fd0 b TftpTimeoutCount
e6378fd4 b TftpLastBlock
e6378fd8 b time_start
e6378fdc b default_filename
e6378fec B __bss_end__
