asix.c:598:13:asix_halt	0	static
asix.c:502:12:asix_send	1640	static
asix.c:533:12:asix_recv	2144	static
asix.c:149:12:asix_write_cmd.isra.0	48	static
asix.c:330:12:asix_write_hwaddr	152	static
asix.c:301:12:asix_write_rx_ctl	16	static
asix.c:227:1:asix_mdio_write	160	static
asix.c:314:12:asix_write_gpio	24	static
asix.c:242:12:asix_sw_reset	16	static
asix.c:171:12:asix_read_cmd.isra.1	48	static
asix.c:212:12:asix_mdio_read	160	static
asix.c:354:12:mii_nway_restart	8	static
asix.c:288:12:asix_read_rx_ctl	144	static
asix.c:464:12:asix_init	152	static
asix.c:606:6:asix_eth_before_probe	0	static
asix.c:637:5:asix_eth_probe	24	static
asix.c:863:5:asix_eth_get_info	296	dynamic,bounded
