mmc.c:50:12:mmc_send_cmd	0	static
mmc.c:566:12:mmc_send_ext_csd	56	static
mmc.c:842:13:mmc_set_ios	0	static
mmc.c:416:12:mmc_go_idle	40	static
mmc.c:108:12:mmc_send_status.constprop	48	static
mmc.c:588:12:mmc_switch.isra.0	40	static
mmc.c:43:5:__board_mmc_getcd	0	static
mmc.c:163:13:find_mmc_device	8	static
mmc.c:232:1:mmc_berase	72	static
mmc.c:322:1:mmc_bwrite	80	static
mmc.c:384:14:mmc_bread	80	static
mmc.c:656:5:mmc_switch_part	8	static
mmc.c:668:5:mmc_getcd	8	static
mmc.c:847:6:mmc_set_clock	0	static
mmc.c:867:12:mmc_startup	1448	static
mmc.c:1217:5:mmc_register	0	static
mmc.c:1247:5:mmc_init	56	static
mmc.c:1237:19:mmc_get_dev	8	static
mmc.c:1305:12:__def_mmc_init	0	static
mmc.c:1313:6:print_mmc_devices	24	static
mmc.c:1330:5:get_mmc_num	0	static
mmc.c:1335:5:mmc_initialize	8	static
