board.c:236:12:mark_bootstage	0	static
board.c:119:12:display_banner	8	static
board.c:113:12:init_baudrate	8	static
board.c:221:5:__arch_cpu_init	0	static
board.c:80:13:__coloured_LED_init	0	static
board.c:83:13:__red_led_on	0	static
board.c:85:13:__red_led_off	0	static
board.c:87:13:__green_led_on	0	static
board.c:89:13:__green_led_off	0	static
board.c:91:13:__yellow_led_on	0	static
board.c:93:13:__yellow_led_off	0	static
board.c:95:13:__blue_led_on	0	static
board.c:97:13:__blue_led_off	0	static
board.c:213:6:__dram_init_banksize	0	static
board.c:228:5:__power_init_board	0	static
board.c:519:6:board_init_r	8	static
board.c:709:6:hang	8	static
board.c:277:6:board_init_f	24	static
