console.c:114:12:console_setfile	16	static
console.c:271:5:serial_printf	272	static
console.c:289:5:fgetc	0	static
console.c:320:5:ftstc	0	static
console.c:328:6:fputc	0	static
console.c:334:6:fputs	0	static
console.c:340:5:fprintf	276	static
console.c:361:5:getc	0	static
console.c:380:5:tstc	0	static
console.c:432:6:putc	0	static
console.c:456:6:puts	0	static
console.c:480:5:printf	272	static
console.c:504:5:vprintf	264	static
console.c:527:5:ctrlc	16	static
console.c:546:5:disable_ctrlc	0	static
console.c:554:5:had_ctrlc	0	static
console.c:559:6:clear_ctrlc	0	static
console.c:597:13:dbg	0	static
console.c:604:19:search_device	8	static
console.c:616:5:console_assign	8	static
console.c:34:12:on_console	24	static
console.c:645:5:console_init_f	0	static
console.c:659:6:stdio_print_current_devices	8	static
console.c:775:5:console_init_r	16	static
